

================================================================
== Vivado HLS Report for 'Cubic'
================================================================
* Date:           Wed Dec 14 22:04:15 2022

* Version:        2019.1 (Build 2552052 on Fri May 24 15:28:33 MDT 2019)
* Project:        Cubic
* Solution:       Cubic
* Product family: artix7
* Target device:  xc7a100t-csg324-1


================================================================
== Performance Estimates
================================================================
+ Timing (ns): 
    * Summary: 
    +--------+-------+----------+------------+
    |  Clock | Target| Estimated| Uncertainty|
    +--------+-------+----------+------------+
    |ap_clk  |  10.00|     8.470|        1.25|
    +--------+-------+----------+------------+

+ Latency (clock cycles): 
    * Summary: 
    +-----+-----+-----+-----+---------+
    |  Latency  |  Interval | Pipeline|
    | min | max | min | max |   Type  |
    +-----+-----+-----+-----+---------+
    |   35|   35|   35|   35|   none  |
    +-----+-----+-----+-----+---------+

    + Detail: 
        * Instance: 
        N/A

        * Loop: 
        +----------+-----+-----+----------+-----------+-----------+------+----------+
        |          |  Latency  | Iteration|  Initiation Interval  | Trip |          |
        | Loop Name| min | max |  Latency |  achieved |   target  | Count| Pipelined|
        +----------+-----+-----+----------+-----------+-----------+------+----------+
        |- Loop 1  |   33|   33|         3|          -|          -|    11|    no    |
        +----------+-----+-----+----------+-----------+-----------+------+----------+



================================================================
== Utilization Estimates
================================================================
* Summary: 
+-----------------+---------+-------+--------+-------+-----+
|       Name      | BRAM_18K| DSP48E|   FF   |  LUT  | URAM|
+-----------------+---------+-------+--------+-------+-----+
|DSP              |        -|      -|       -|      -|    -|
|Expression       |        -|      3|       0|    361|    -|
|FIFO             |        -|      -|       -|      -|    -|
|Instance         |        -|      -|       -|      -|    -|
|Memory           |        -|      -|       -|      -|    -|
|Multiplexer      |        -|      -|       -|     60|    -|
|Register         |        -|      -|     269|      -|    -|
+-----------------+---------+-------+--------+-------+-----+
|Total            |        0|      3|     269|    421|    0|
+-----------------+---------+-------+--------+-------+-----+
|Available        |      270|    240|  126800|  63400|    0|
+-----------------+---------+-------+--------+-------+-----+
|Utilization (%)  |        0|      1|   ~0   |   ~0  |    0|
+-----------------+---------+-------+--------+-------+-----+

+ Detail: 
    * Instance: 
    N/A

    * DSP48E: 
    N/A

    * Memory: 
    N/A

    * FIFO: 
    N/A

    * Expression: 
    +-----------------------+----------+-------+---+-----+------------+------------+
    |     Variable Name     | Operation| DSP48E| FF| LUT | Bitwidth P0| Bitwidth P1|
    +-----------------------+----------+-------+---+-----+------------+------------+
    |mul_ln32_fu_116_p2     |     *    |      3|  0|   21|          32|          32|
    |s_fu_105_p2            |     +    |      0|  0|   15|           3|           6|
    |sub_ln32_fu_99_p2      |     -    |      0|  0|   39|          32|          32|
    |sub_ln35_fu_137_p2     |     -    |      0|  0|   39|          32|          32|
    |icmp_ln33_fu_131_p2    |   icmp   |      0|  0|   18|          32|          32|
    |or_ln32_1_fu_121_p2    |    or    |      0|  0|   32|          32|           1|
    |y_1_fu_111_p2          |    or    |      0|  0|   32|          32|           1|
    |select_ln33_fu_149_p3  |  select  |      0|  0|   32|           1|          32|
    |y_2_fu_143_p3          |  select  |      0|  0|   32|           1|          32|
    |b_fu_126_p2            |    shl   |      0|  0|  101|          32|          32|
    +-----------------------+----------+-------+---+-----+------------+------------+
    |Total                  |          |      3|  0|  361|         229|         232|
    +-----------------------+----------+-------+---+-----+------------+------------+

    * Multiplexer: 
    +------------+----+-----------+-----+-----------+
    |    Name    | LUT| Input Size| Bits| Total Bits|
    +------------+----+-----------+-----+-----------+
    |ap_NS_fsm   |  33|          6|    1|          6|
    |p_0_reg_65  |   9|          2|   32|         64|
    |s_0_reg_42  |   9|          2|    6|         12|
    |y_0_reg_53  |   9|          2|   32|         64|
    +------------+----+-----------+-----+-----------+
    |Total       |  60|         12|   71|        146|
    +------------+----+-----------+-----+-----------+

    * Register: 
    +-------------------+----+----+-----+-----------+
    |        Name       | FF | LUT| Bits| Const Bits|
    +-------------------+----+----+-----+-----------+
    |ap_CS_fsm          |   5|   0|    5|          0|
    |ap_return          |  32|   0|   32|          0|
    |mul_ln32_reg_191   |  31|   0|   32|          1|
    |p_0_reg_65         |  32|   0|   32|          0|
    |s_0_reg_42         |   6|   0|    6|          0|
    |s_reg_181          |   6|   0|    6|          0|
    |sext_ln29_reg_162  |  32|   0|   32|          0|
    |sub_ln32_reg_176   |  31|   0|   32|          1|
    |y_0_reg_53         |  32|   0|   32|          0|
    |y_1_reg_186        |  31|   0|   32|          1|
    |y_reg_170          |  31|   0|   32|          1|
    +-------------------+----+----+-----+-----------+
    |Total              | 269|   0|  273|          4|
    +-------------------+----+----+-----+-----------+



================================================================
== Interface
================================================================
* Summary: 
+-----------+-----+-----+------------+--------------+--------------+
| RTL Ports | Dir | Bits|  Protocol  | Source Object|    C Type    |
+-----------+-----+-----+------------+--------------+--------------+
|ap_clk     |  in |    1| ap_ctrl_hs |     Cubic    | return value |
|ap_rst     |  in |    1| ap_ctrl_hs |     Cubic    | return value |
|ap_start   |  in |    1| ap_ctrl_hs |     Cubic    | return value |
|ap_done    | out |    1| ap_ctrl_hs |     Cubic    | return value |
|ap_idle    | out |    1| ap_ctrl_hs |     Cubic    | return value |
|ap_ready   | out |    1| ap_ctrl_hs |     Cubic    | return value |
|ap_return  | out |   32| ap_ctrl_hs |     Cubic    | return value |
|x          |  in |   32|   ap_none  |       x      |    scalar    |
+-----------+-----+-----+------------+--------------+--------------+

